// Jest Snapshot v1, https://goo.gl/fbAQLP

exports[`Linter Lints Example Source 1`] = `
Object {
  "errorCount": 2,
  "failures": Array [
    RuleFailure {
      "endPosition": RuleFailurePosition {
        "lineAndCharacter": Object {
          "character": 0,
          "line": 4,
        },
        "position": 73,
      },
      "failure": "Consecutive blank lines are forbidden",
      "fileName": "file.ts",
      "fix": Array [
        Replacement {
          "length": 1,
          "start": 72,
          "text": "",
        },
      ],
      "rawLines": "// Start typing in the code box to get started.

console.log(\\"Errors\\");

",
      "ruleName": "no-consecutive-blank-lines",
      "ruleSeverity": "error",
      "sourceFile": SourceFileObject {
        "_children": Array [
          NodeObject {
            "_children": Array [
              NodeObject {
                "_children": Array [
                  NodeObject {
                    "_children": Array [
                      NodeObject {
                        "_children": Array [
                          IdentifierObject {
                            "end": 56,
                            "escapedText": "console",
                            "flags": 0,
                            "parent": [Circular],
                            "pos": 0,
                          },
                          TokenObject {
                            "end": 57,
                            "flags": 0,
                            "kind": 23,
                            "parent": [Circular],
                            "pos": 56,
                          },
                          IdentifierObject {
                            "end": 60,
                            "escapedText": "log",
                            "flags": 0,
                            "parent": [Circular],
                            "pos": 57,
                          },
                        ],
                        "end": 60,
                        "expression": IdentifierObject {
                          "end": 56,
                          "escapedText": "console",
                          "flags": 0,
                          "parent": [Circular],
                          "pos": 0,
                        },
                        "flags": 0,
                        "kind": 187,
                        "name": IdentifierObject {
                          "end": 60,
                          "escapedText": "log",
                          "flags": 0,
                          "parent": [Circular],
                          "pos": 57,
                        },
                        "parent": [Circular],
                        "pos": 0,
                        "transformFlags": undefined,
                      },
                      TokenObject {
                        "end": 61,
                        "flags": 0,
                        "kind": 19,
                        "parent": [Circular],
                        "pos": 60,
                      },
                      NodeObject {
                        "_children": Array [
                          TokenObject {
                            "end": 69,
                            "flags": 0,
                            "kind": 9,
                            "parent": [Circular],
                            "pos": 61,
                            "text": "Errors",
                          },
                        ],
                        "end": 69,
                        "flags": 0,
                        "kind": 304,
                        "parent": [Circular],
                        "pos": 61,
                        "transformFlags": undefined,
                      },
                      TokenObject {
                        "end": 70,
                        "flags": 0,
                        "kind": 20,
                        "parent": [Circular],
                        "pos": 69,
                      },
                    ],
                    "arguments": Array [
                      TokenObject {
                        "end": 69,
                        "flags": 0,
                        "kind": 9,
                        "parent": [Circular],
                        "pos": 61,
                        "text": "Errors",
                      },
                    ],
                    "end": 70,
                    "expression": NodeObject {
                      "_children": Array [
                        IdentifierObject {
                          "end": 56,
                          "escapedText": "console",
                          "flags": 0,
                          "parent": [Circular],
                          "pos": 0,
                        },
                        TokenObject {
                          "end": 57,
                          "flags": 0,
                          "kind": 23,
                          "parent": [Circular],
                          "pos": 56,
                        },
                        IdentifierObject {
                          "end": 60,
                          "escapedText": "log",
                          "flags": 0,
                          "parent": [Circular],
                          "pos": 57,
                        },
                      ],
                      "end": 60,
                      "expression": IdentifierObject {
                        "end": 56,
                        "escapedText": "console",
                        "flags": 0,
                        "parent": [Circular],
                        "pos": 0,
                      },
                      "flags": 0,
                      "kind": 187,
                      "name": IdentifierObject {
                        "end": 60,
                        "escapedText": "log",
                        "flags": 0,
                        "parent": [Circular],
                        "pos": 57,
                      },
                      "parent": [Circular],
                      "pos": 0,
                      "transformFlags": undefined,
                    },
                    "flags": 0,
                    "kind": 189,
                    "parent": [Circular],
                    "pos": 0,
                    "transformFlags": undefined,
                  },
                  TokenObject {
                    "end": 71,
                    "flags": 0,
                    "kind": 25,
                    "parent": [Circular],
                    "pos": 70,
                  },
                ],
                "end": 71,
                "expression": NodeObject {
                  "_children": Array [
                    NodeObject {
                      "_children": Array [
                        IdentifierObject {
                          "end": 56,
                          "escapedText": "console",
                          "flags": 0,
                          "parent": [Circular],
                          "pos": 0,
                        },
                        TokenObject {
                          "end": 57,
                          "flags": 0,
                          "kind": 23,
                          "parent": [Circular],
                          "pos": 56,
                        },
                        IdentifierObject {
                          "end": 60,
                          "escapedText": "log",
                          "flags": 0,
                          "parent": [Circular],
                          "pos": 57,
                        },
                      ],
                      "end": 60,
                      "expression": IdentifierObject {
                        "end": 56,
                        "escapedText": "console",
                        "flags": 0,
                        "parent": [Circular],
                        "pos": 0,
                      },
                      "flags": 0,
                      "kind": 187,
                      "name": IdentifierObject {
                        "end": 60,
                        "escapedText": "log",
                        "flags": 0,
                        "parent": [Circular],
                        "pos": 57,
                      },
                      "parent": [Circular],
                      "pos": 0,
                      "transformFlags": undefined,
                    },
                    TokenObject {
                      "end": 61,
                      "flags": 0,
                      "kind": 19,
                      "parent": [Circular],
                      "pos": 60,
                    },
                    NodeObject {
                      "_children": Array [
                        TokenObject {
                          "end": 69,
                          "flags": 0,
                          "kind": 9,
                          "parent": [Circular],
                          "pos": 61,
                          "text": "Errors",
                        },
                      ],
                      "end": 69,
                      "flags": 0,
                      "kind": 304,
                      "parent": [Circular],
                      "pos": 61,
                      "transformFlags": undefined,
                    },
                    TokenObject {
                      "end": 70,
                      "flags": 0,
                      "kind": 20,
                      "parent": [Circular],
                      "pos": 69,
                    },
                  ],
                  "arguments": Array [
                    TokenObject {
                      "end": 69,
                      "flags": 0,
                      "kind": 9,
                      "parent": [Circular],
                      "pos": 61,
                      "text": "Errors",
                    },
                  ],
                  "end": 70,
                  "expression": NodeObject {
                    "_children": Array [
                      IdentifierObject {
                        "end": 56,
                        "escapedText": "console",
                        "flags": 0,
                        "parent": [Circular],
                        "pos": 0,
                      },
                      TokenObject {
                        "end": 57,
                        "flags": 0,
                        "kind": 23,
                        "parent": [Circular],
                        "pos": 56,
                      },
                      IdentifierObject {
                        "end": 60,
                        "escapedText": "log",
                        "flags": 0,
                        "parent": [Circular],
                        "pos": 57,
                      },
                    ],
                    "end": 60,
                    "expression": IdentifierObject {
                      "end": 56,
                      "escapedText": "console",
                      "flags": 0,
                      "parent": [Circular],
                      "pos": 0,
                    },
                    "flags": 0,
                    "kind": 187,
                    "name": IdentifierObject {
                      "end": 60,
                      "escapedText": "log",
                      "flags": 0,
                      "parent": [Circular],
                      "pos": 57,
                    },
                    "parent": [Circular],
                    "pos": 0,
                    "transformFlags": undefined,
                  },
                  "flags": 0,
                  "kind": 189,
                  "parent": [Circular],
                  "pos": 0,
                  "transformFlags": undefined,
                },
                "flags": 0,
                "kind": 219,
                "modifierFlagsCache": 536870912,
                "parent": [Circular],
                "pos": 0,
                "transformFlags": undefined,
              },
            ],
            "end": 71,
            "flags": 0,
            "kind": 304,
            "parent": [Circular],
            "pos": 0,
            "transformFlags": undefined,
          },
          TokenObject {
            "end": 73,
            "flags": 0,
            "kind": 1,
            "parent": [Circular],
            "pos": 71,
          },
        ],
        "amdDependencies": Array [],
        "bindDiagnostics": Array [],
        "bindSuggestionDiagnostics": undefined,
        "checkJsDirective": undefined,
        "end": 73,
        "endOfFileToken": TokenObject {
          "end": 73,
          "flags": 0,
          "kind": 1,
          "parent": [Circular],
          "pos": 71,
        },
        "externalModuleIndicator": undefined,
        "fileName": "file.ts",
        "flags": 0,
        "hasNoDefaultLib": false,
        "identifierCount": 2,
        "identifiers": Map {
          "console" => "console",
          "log" => "log",
        },
        "isDeclarationFile": false,
        "kind": 277,
        "languageVariant": 0,
        "languageVersion": 1,
        "libReferenceDirectives": Array [],
        "lineMap": Array [
          0,
          48,
          49,
          72,
          73,
        ],
        "nodeCount": 9,
        "parent": undefined,
        "parseDiagnostics": Array [],
        "pos": 0,
        "pragmas": Map {},
        "referencedFiles": Array [],
        "scriptKind": 3,
        "statements": Array [
          NodeObject {
            "_children": Array [
              NodeObject {
                "_children": Array [
                  NodeObject {
                    "_children": Array [
                      IdentifierObject {
                        "end": 56,
                        "escapedText": "console",
                        "flags": 0,
                        "parent": [Circular],
                        "pos": 0,
                      },
                      TokenObject {
                        "end": 57,
                        "flags": 0,
                        "kind": 23,
                        "parent": [Circular],
                        "pos": 56,
                      },
                      IdentifierObject {
                        "end": 60,
                        "escapedText": "log",
                        "flags": 0,
                        "parent": [Circular],
                        "pos": 57,
                      },
                    ],
                    "end": 60,
                    "expression": IdentifierObject {
                      "end": 56,
                      "escapedText": "console",
                      "flags": 0,
                      "parent": [Circular],
                      "pos": 0,
                    },
                    "flags": 0,
                    "kind": 187,
                    "name": IdentifierObject {
                      "end": 60,
                      "escapedText": "log",
                      "flags": 0,
                      "parent": [Circular],
                      "pos": 57,
                    },
                    "parent": [Circular],
                    "pos": 0,
                    "transformFlags": undefined,
                  },
                  TokenObject {
                    "end": 61,
                    "flags": 0,
                    "kind": 19,
                    "parent": [Circular],
                    "pos": 60,
                  },
                  NodeObject {
                    "_children": Array [
                      TokenObject {
                        "end": 69,
                        "flags": 0,
                        "kind": 9,
                        "parent": [Circular],
                        "pos": 61,
                        "text": "Errors",
                      },
                    ],
                    "end": 69,
                    "flags": 0,
                    "kind": 304,
                    "parent": [Circular],
                    "pos": 61,
                    "transformFlags": undefined,
                  },
                  TokenObject {
                    "end": 70,
                    "flags": 0,
                    "kind": 20,
                    "parent": [Circular],
                    "pos": 69,
                  },
                ],
                "arguments": Array [
                  TokenObject {
                    "end": 69,
                    "flags": 0,
                    "kind": 9,
                    "parent": [Circular],
                    "pos": 61,
                    "text": "Errors",
                  },
                ],
                "end": 70,
                "expression": NodeObject {
                  "_children": Array [
                    IdentifierObject {
                      "end": 56,
                      "escapedText": "console",
                      "flags": 0,
                      "parent": [Circular],
                      "pos": 0,
                    },
                    TokenObject {
                      "end": 57,
                      "flags": 0,
                      "kind": 23,
                      "parent": [Circular],
                      "pos": 56,
                    },
                    IdentifierObject {
                      "end": 60,
                      "escapedText": "log",
                      "flags": 0,
                      "parent": [Circular],
                      "pos": 57,
                    },
                  ],
                  "end": 60,
                  "expression": IdentifierObject {
                    "end": 56,
                    "escapedText": "console",
                    "flags": 0,
                    "parent": [Circular],
                    "pos": 0,
                  },
                  "flags": 0,
                  "kind": 187,
                  "name": IdentifierObject {
                    "end": 60,
                    "escapedText": "log",
                    "flags": 0,
                    "parent": [Circular],
                    "pos": 57,
                  },
                  "parent": [Circular],
                  "pos": 0,
                  "transformFlags": undefined,
                },
                "flags": 0,
                "kind": 189,
                "parent": [Circular],
                "pos": 0,
                "transformFlags": undefined,
              },
              TokenObject {
                "end": 71,
                "flags": 0,
                "kind": 25,
                "parent": [Circular],
                "pos": 70,
              },
            ],
            "end": 71,
            "expression": NodeObject {
              "_children": Array [
                NodeObject {
                  "_children": Array [
                    IdentifierObject {
                      "end": 56,
                      "escapedText": "console",
                      "flags": 0,
                      "parent": [Circular],
                      "pos": 0,
                    },
                    TokenObject {
                      "end": 57,
                      "flags": 0,
                      "kind": 23,
                      "parent": [Circular],
                      "pos": 56,
                    },
                    IdentifierObject {
                      "end": 60,
                      "escapedText": "log",
                      "flags": 0,
                      "parent": [Circular],
                      "pos": 57,
                    },
                  ],
                  "end": 60,
                  "expression": IdentifierObject {
                    "end": 56,
                    "escapedText": "console",
                    "flags": 0,
                    "parent": [Circular],
                    "pos": 0,
                  },
                  "flags": 0,
                  "kind": 187,
                  "name": IdentifierObject {
                    "end": 60,
                    "escapedText": "log",
                    "flags": 0,
                    "parent": [Circular],
                    "pos": 57,
                  },
                  "parent": [Circular],
                  "pos": 0,
                  "transformFlags": undefined,
                },
                TokenObject {
                  "end": 61,
                  "flags": 0,
                  "kind": 19,
                  "parent": [Circular],
                  "pos": 60,
                },
                NodeObject {
                  "_children": Array [
                    TokenObject {
                      "end": 69,
                      "flags": 0,
                      "kind": 9,
                      "parent": [Circular],
                      "pos": 61,
                      "text": "Errors",
                    },
                  ],
                  "end": 69,
                  "flags": 0,
                  "kind": 304,
                  "parent": [Circular],
                  "pos": 61,
                  "transformFlags": undefined,
                },
                TokenObject {
                  "end": 70,
                  "flags": 0,
                  "kind": 20,
                  "parent": [Circular],
                  "pos": 69,
                },
              ],
              "arguments": Array [
                TokenObject {
                  "end": 69,
                  "flags": 0,
                  "kind": 9,
                  "parent": [Circular],
                  "pos": 61,
                  "text": "Errors",
                },
              ],
              "end": 70,
              "expression": NodeObject {
                "_children": Array [
                  IdentifierObject {
                    "end": 56,
                    "escapedText": "console",
                    "flags": 0,
                    "parent": [Circular],
                    "pos": 0,
                  },
                  TokenObject {
                    "end": 57,
                    "flags": 0,
                    "kind": 23,
                    "parent": [Circular],
                    "pos": 56,
                  },
                  IdentifierObject {
                    "end": 60,
                    "escapedText": "log",
                    "flags": 0,
                    "parent": [Circular],
                    "pos": 57,
                  },
                ],
                "end": 60,
                "expression": IdentifierObject {
                  "end": 56,
                  "escapedText": "console",
                  "flags": 0,
                  "parent": [Circular],
                  "pos": 0,
                },
                "flags": 0,
                "kind": 187,
                "name": IdentifierObject {
                  "end": 60,
                  "escapedText": "log",
                  "flags": 0,
                  "parent": [Circular],
                  "pos": 57,
                },
                "parent": [Circular],
                "pos": 0,
                "transformFlags": undefined,
              },
              "flags": 0,
              "kind": 189,
              "parent": [Circular],
              "pos": 0,
              "transformFlags": undefined,
            },
            "flags": 0,
            "kind": 219,
            "modifierFlagsCache": 536870912,
            "parent": [Circular],
            "pos": 0,
            "transformFlags": undefined,
          },
        ],
        "text": "// Start typing in the code box to get started.

console.log(\\"Errors\\");

",
        "transformFlags": undefined,
        "typeReferenceDirectives": Array [],
      },
      "startPosition": RuleFailurePosition {
        "lineAndCharacter": Object {
          "character": 0,
          "line": 4,
        },
        "position": 73,
      },
    },
    RuleFailure {
      "endPosition": RuleFailurePosition {
        "lineAndCharacter": Object {
          "character": 11,
          "line": 2,
        },
        "position": 60,
      },
      "failure": "Calls to 'console.log' are not allowed.",
      "fileName": "file.ts",
      "fix": undefined,
      "rawLines": "// Start typing in the code box to get started.

console.log(\\"Errors\\");

",
      "ruleName": "no-console",
      "ruleSeverity": "error",
      "sourceFile": SourceFileObject {
        "_children": Array [
          NodeObject {
            "_children": Array [
              NodeObject {
                "_children": Array [
                  NodeObject {
                    "_children": Array [
                      NodeObject {
                        "_children": Array [
                          IdentifierObject {
                            "end": 56,
                            "escapedText": "console",
                            "flags": 0,
                            "parent": [Circular],
                            "pos": 0,
                          },
                          TokenObject {
                            "end": 57,
                            "flags": 0,
                            "kind": 23,
                            "parent": [Circular],
                            "pos": 56,
                          },
                          IdentifierObject {
                            "end": 60,
                            "escapedText": "log",
                            "flags": 0,
                            "parent": [Circular],
                            "pos": 57,
                          },
                        ],
                        "end": 60,
                        "expression": IdentifierObject {
                          "end": 56,
                          "escapedText": "console",
                          "flags": 0,
                          "parent": [Circular],
                          "pos": 0,
                        },
                        "flags": 0,
                        "kind": 187,
                        "name": IdentifierObject {
                          "end": 60,
                          "escapedText": "log",
                          "flags": 0,
                          "parent": [Circular],
                          "pos": 57,
                        },
                        "parent": [Circular],
                        "pos": 0,
                        "transformFlags": undefined,
                      },
                      TokenObject {
                        "end": 61,
                        "flags": 0,
                        "kind": 19,
                        "parent": [Circular],
                        "pos": 60,
                      },
                      NodeObject {
                        "_children": Array [
                          TokenObject {
                            "end": 69,
                            "flags": 0,
                            "kind": 9,
                            "parent": [Circular],
                            "pos": 61,
                            "text": "Errors",
                          },
                        ],
                        "end": 69,
                        "flags": 0,
                        "kind": 304,
                        "parent": [Circular],
                        "pos": 61,
                        "transformFlags": undefined,
                      },
                      TokenObject {
                        "end": 70,
                        "flags": 0,
                        "kind": 20,
                        "parent": [Circular],
                        "pos": 69,
                      },
                    ],
                    "arguments": Array [
                      TokenObject {
                        "end": 69,
                        "flags": 0,
                        "kind": 9,
                        "parent": [Circular],
                        "pos": 61,
                        "text": "Errors",
                      },
                    ],
                    "end": 70,
                    "expression": NodeObject {
                      "_children": Array [
                        IdentifierObject {
                          "end": 56,
                          "escapedText": "console",
                          "flags": 0,
                          "parent": [Circular],
                          "pos": 0,
                        },
                        TokenObject {
                          "end": 57,
                          "flags": 0,
                          "kind": 23,
                          "parent": [Circular],
                          "pos": 56,
                        },
                        IdentifierObject {
                          "end": 60,
                          "escapedText": "log",
                          "flags": 0,
                          "parent": [Circular],
                          "pos": 57,
                        },
                      ],
                      "end": 60,
                      "expression": IdentifierObject {
                        "end": 56,
                        "escapedText": "console",
                        "flags": 0,
                        "parent": [Circular],
                        "pos": 0,
                      },
                      "flags": 0,
                      "kind": 187,
                      "name": IdentifierObject {
                        "end": 60,
                        "escapedText": "log",
                        "flags": 0,
                        "parent": [Circular],
                        "pos": 57,
                      },
                      "parent": [Circular],
                      "pos": 0,
                      "transformFlags": undefined,
                    },
                    "flags": 0,
                    "kind": 189,
                    "parent": [Circular],
                    "pos": 0,
                    "transformFlags": undefined,
                  },
                  TokenObject {
                    "end": 71,
                    "flags": 0,
                    "kind": 25,
                    "parent": [Circular],
                    "pos": 70,
                  },
                ],
                "end": 71,
                "expression": NodeObject {
                  "_children": Array [
                    NodeObject {
                      "_children": Array [
                        IdentifierObject {
                          "end": 56,
                          "escapedText": "console",
                          "flags": 0,
                          "parent": [Circular],
                          "pos": 0,
                        },
                        TokenObject {
                          "end": 57,
                          "flags": 0,
                          "kind": 23,
                          "parent": [Circular],
                          "pos": 56,
                        },
                        IdentifierObject {
                          "end": 60,
                          "escapedText": "log",
                          "flags": 0,
                          "parent": [Circular],
                          "pos": 57,
                        },
                      ],
                      "end": 60,
                      "expression": IdentifierObject {
                        "end": 56,
                        "escapedText": "console",
                        "flags": 0,
                        "parent": [Circular],
                        "pos": 0,
                      },
                      "flags": 0,
                      "kind": 187,
                      "name": IdentifierObject {
                        "end": 60,
                        "escapedText": "log",
                        "flags": 0,
                        "parent": [Circular],
                        "pos": 57,
                      },
                      "parent": [Circular],
                      "pos": 0,
                      "transformFlags": undefined,
                    },
                    TokenObject {
                      "end": 61,
                      "flags": 0,
                      "kind": 19,
                      "parent": [Circular],
                      "pos": 60,
                    },
                    NodeObject {
                      "_children": Array [
                        TokenObject {
                          "end": 69,
                          "flags": 0,
                          "kind": 9,
                          "parent": [Circular],
                          "pos": 61,
                          "text": "Errors",
                        },
                      ],
                      "end": 69,
                      "flags": 0,
                      "kind": 304,
                      "parent": [Circular],
                      "pos": 61,
                      "transformFlags": undefined,
                    },
                    TokenObject {
                      "end": 70,
                      "flags": 0,
                      "kind": 20,
                      "parent": [Circular],
                      "pos": 69,
                    },
                  ],
                  "arguments": Array [
                    TokenObject {
                      "end": 69,
                      "flags": 0,
                      "kind": 9,
                      "parent": [Circular],
                      "pos": 61,
                      "text": "Errors",
                    },
                  ],
                  "end": 70,
                  "expression": NodeObject {
                    "_children": Array [
                      IdentifierObject {
                        "end": 56,
                        "escapedText": "console",
                        "flags": 0,
                        "parent": [Circular],
                        "pos": 0,
                      },
                      TokenObject {
                        "end": 57,
                        "flags": 0,
                        "kind": 23,
                        "parent": [Circular],
                        "pos": 56,
                      },
                      IdentifierObject {
                        "end": 60,
                        "escapedText": "log",
                        "flags": 0,
                        "parent": [Circular],
                        "pos": 57,
                      },
                    ],
                    "end": 60,
                    "expression": IdentifierObject {
                      "end": 56,
                      "escapedText": "console",
                      "flags": 0,
                      "parent": [Circular],
                      "pos": 0,
                    },
                    "flags": 0,
                    "kind": 187,
                    "name": IdentifierObject {
                      "end": 60,
                      "escapedText": "log",
                      "flags": 0,
                      "parent": [Circular],
                      "pos": 57,
                    },
                    "parent": [Circular],
                    "pos": 0,
                    "transformFlags": undefined,
                  },
                  "flags": 0,
                  "kind": 189,
                  "parent": [Circular],
                  "pos": 0,
                  "transformFlags": undefined,
                },
                "flags": 0,
                "kind": 219,
                "modifierFlagsCache": 536870912,
                "parent": [Circular],
                "pos": 0,
                "transformFlags": undefined,
              },
            ],
            "end": 71,
            "flags": 0,
            "kind": 304,
            "parent": [Circular],
            "pos": 0,
            "transformFlags": undefined,
          },
          TokenObject {
            "end": 73,
            "flags": 0,
            "kind": 1,
            "parent": [Circular],
            "pos": 71,
          },
        ],
        "amdDependencies": Array [],
        "bindDiagnostics": Array [],
        "bindSuggestionDiagnostics": undefined,
        "checkJsDirective": undefined,
        "end": 73,
        "endOfFileToken": TokenObject {
          "end": 73,
          "flags": 0,
          "kind": 1,
          "parent": [Circular],
          "pos": 71,
        },
        "externalModuleIndicator": undefined,
        "fileName": "file.ts",
        "flags": 0,
        "hasNoDefaultLib": false,
        "identifierCount": 2,
        "identifiers": Map {
          "console" => "console",
          "log" => "log",
        },
        "isDeclarationFile": false,
        "kind": 277,
        "languageVariant": 0,
        "languageVersion": 1,
        "libReferenceDirectives": Array [],
        "lineMap": Array [
          0,
          48,
          49,
          72,
          73,
        ],
        "nodeCount": 9,
        "parent": undefined,
        "parseDiagnostics": Array [],
        "pos": 0,
        "pragmas": Map {},
        "referencedFiles": Array [],
        "scriptKind": 3,
        "statements": Array [
          NodeObject {
            "_children": Array [
              NodeObject {
                "_children": Array [
                  NodeObject {
                    "_children": Array [
                      IdentifierObject {
                        "end": 56,
                        "escapedText": "console",
                        "flags": 0,
                        "parent": [Circular],
                        "pos": 0,
                      },
                      TokenObject {
                        "end": 57,
                        "flags": 0,
                        "kind": 23,
                        "parent": [Circular],
                        "pos": 56,
                      },
                      IdentifierObject {
                        "end": 60,
                        "escapedText": "log",
                        "flags": 0,
                        "parent": [Circular],
                        "pos": 57,
                      },
                    ],
                    "end": 60,
                    "expression": IdentifierObject {
                      "end": 56,
                      "escapedText": "console",
                      "flags": 0,
                      "parent": [Circular],
                      "pos": 0,
                    },
                    "flags": 0,
                    "kind": 187,
                    "name": IdentifierObject {
                      "end": 60,
                      "escapedText": "log",
                      "flags": 0,
                      "parent": [Circular],
                      "pos": 57,
                    },
                    "parent": [Circular],
                    "pos": 0,
                    "transformFlags": undefined,
                  },
                  TokenObject {
                    "end": 61,
                    "flags": 0,
                    "kind": 19,
                    "parent": [Circular],
                    "pos": 60,
                  },
                  NodeObject {
                    "_children": Array [
                      TokenObject {
                        "end": 69,
                        "flags": 0,
                        "kind": 9,
                        "parent": [Circular],
                        "pos": 61,
                        "text": "Errors",
                      },
                    ],
                    "end": 69,
                    "flags": 0,
                    "kind": 304,
                    "parent": [Circular],
                    "pos": 61,
                    "transformFlags": undefined,
                  },
                  TokenObject {
                    "end": 70,
                    "flags": 0,
                    "kind": 20,
                    "parent": [Circular],
                    "pos": 69,
                  },
                ],
                "arguments": Array [
                  TokenObject {
                    "end": 69,
                    "flags": 0,
                    "kind": 9,
                    "parent": [Circular],
                    "pos": 61,
                    "text": "Errors",
                  },
                ],
                "end": 70,
                "expression": NodeObject {
                  "_children": Array [
                    IdentifierObject {
                      "end": 56,
                      "escapedText": "console",
                      "flags": 0,
                      "parent": [Circular],
                      "pos": 0,
                    },
                    TokenObject {
                      "end": 57,
                      "flags": 0,
                      "kind": 23,
                      "parent": [Circular],
                      "pos": 56,
                    },
                    IdentifierObject {
                      "end": 60,
                      "escapedText": "log",
                      "flags": 0,
                      "parent": [Circular],
                      "pos": 57,
                    },
                  ],
                  "end": 60,
                  "expression": IdentifierObject {
                    "end": 56,
                    "escapedText": "console",
                    "flags": 0,
                    "parent": [Circular],
                    "pos": 0,
                  },
                  "flags": 0,
                  "kind": 187,
                  "name": IdentifierObject {
                    "end": 60,
                    "escapedText": "log",
                    "flags": 0,
                    "parent": [Circular],
                    "pos": 57,
                  },
                  "parent": [Circular],
                  "pos": 0,
                  "transformFlags": undefined,
                },
                "flags": 0,
                "kind": 189,
                "parent": [Circular],
                "pos": 0,
                "transformFlags": undefined,
              },
              TokenObject {
                "end": 71,
                "flags": 0,
                "kind": 25,
                "parent": [Circular],
                "pos": 70,
              },
            ],
            "end": 71,
            "expression": NodeObject {
              "_children": Array [
                NodeObject {
                  "_children": Array [
                    IdentifierObject {
                      "end": 56,
                      "escapedText": "console",
                      "flags": 0,
                      "parent": [Circular],
                      "pos": 0,
                    },
                    TokenObject {
                      "end": 57,
                      "flags": 0,
                      "kind": 23,
                      "parent": [Circular],
                      "pos": 56,
                    },
                    IdentifierObject {
                      "end": 60,
                      "escapedText": "log",
                      "flags": 0,
                      "parent": [Circular],
                      "pos": 57,
                    },
                  ],
                  "end": 60,
                  "expression": IdentifierObject {
                    "end": 56,
                    "escapedText": "console",
                    "flags": 0,
                    "parent": [Circular],
                    "pos": 0,
                  },
                  "flags": 0,
                  "kind": 187,
                  "name": IdentifierObject {
                    "end": 60,
                    "escapedText": "log",
                    "flags": 0,
                    "parent": [Circular],
                    "pos": 57,
                  },
                  "parent": [Circular],
                  "pos": 0,
                  "transformFlags": undefined,
                },
                TokenObject {
                  "end": 61,
                  "flags": 0,
                  "kind": 19,
                  "parent": [Circular],
                  "pos": 60,
                },
                NodeObject {
                  "_children": Array [
                    TokenObject {
                      "end": 69,
                      "flags": 0,
                      "kind": 9,
                      "parent": [Circular],
                      "pos": 61,
                      "text": "Errors",
                    },
                  ],
                  "end": 69,
                  "flags": 0,
                  "kind": 304,
                  "parent": [Circular],
                  "pos": 61,
                  "transformFlags": undefined,
                },
                TokenObject {
                  "end": 70,
                  "flags": 0,
                  "kind": 20,
                  "parent": [Circular],
                  "pos": 69,
                },
              ],
              "arguments": Array [
                TokenObject {
                  "end": 69,
                  "flags": 0,
                  "kind": 9,
                  "parent": [Circular],
                  "pos": 61,
                  "text": "Errors",
                },
              ],
              "end": 70,
              "expression": NodeObject {
                "_children": Array [
                  IdentifierObject {
                    "end": 56,
                    "escapedText": "console",
                    "flags": 0,
                    "parent": [Circular],
                    "pos": 0,
                  },
                  TokenObject {
                    "end": 57,
                    "flags": 0,
                    "kind": 23,
                    "parent": [Circular],
                    "pos": 56,
                  },
                  IdentifierObject {
                    "end": 60,
                    "escapedText": "log",
                    "flags": 0,
                    "parent": [Circular],
                    "pos": 57,
                  },
                ],
                "end": 60,
                "expression": IdentifierObject {
                  "end": 56,
                  "escapedText": "console",
                  "flags": 0,
                  "parent": [Circular],
                  "pos": 0,
                },
                "flags": 0,
                "kind": 187,
                "name": IdentifierObject {
                  "end": 60,
                  "escapedText": "log",
                  "flags": 0,
                  "parent": [Circular],
                  "pos": 57,
                },
                "parent": [Circular],
                "pos": 0,
                "transformFlags": undefined,
              },
              "flags": 0,
              "kind": 189,
              "parent": [Circular],
              "pos": 0,
              "transformFlags": undefined,
            },
            "flags": 0,
            "kind": 219,
            "modifierFlagsCache": 536870912,
            "parent": [Circular],
            "pos": 0,
            "transformFlags": undefined,
          },
        ],
        "text": "// Start typing in the code box to get started.

console.log(\\"Errors\\");

",
        "transformFlags": undefined,
        "typeReferenceDirectives": Array [],
      },
      "startPosition": RuleFailurePosition {
        "lineAndCharacter": Object {
          "character": 0,
          "line": 2,
        },
        "position": 49,
      },
    },
  ],
  "format": "stylish",
  "output": "file.ts:3:1
ERROR: 3:1  no-console                  Calls to 'console.log' are not allowed.
ERROR: 5:1  no-consecutive-blank-lines  Consecutive blank lines are forbidden
",
  "warningCount": 0,
}
`;
